../Core/BSP/Src/bsp_oled.c:31:6:delay_ms	24	static
../Core/BSP/Src/bsp_oled.c:48:6:oled_write_byte	16	static
../Core/BSP/Src/bsp_oled.c:65:13:oled_set_pos	16	static
../Core/BSP/Src/bsp_oled.c:79:6:oled_display_on	8	static
../Core/BSP/Src/bsp_oled.c:92:6:oled_display_off	8	static
../Core/BSP/Src/bsp_oled.c:105:6:oled_refresh_gram	16	static
../Core/BSP/Src/bsp_oled.c:126:6:oled_clear	24	static
../Core/BSP/Src/bsp_oled.c:151:6:oled_drawpoint	24	static
../Core/BSP/Src/bsp_oled.c:177:6:oled_drawline	40	static
../Core/BSP/Src/bsp_oled.c:228:6:oled_showchar	24	static
../Core/BSP/Src/bsp_oled.c:260:17:oled_pow	24	static
../Core/BSP/Src/bsp_oled.c:279:6:oled_shownum	24	static
../Core/BSP/Src/bsp_oled.c:314:6:oled_showstring	24	static
../Core/BSP/Src/bsp_oled.c:340:6:oled_printf	152	static
../Core/BSP/Src/bsp_oled.c:362:6:oled_LOGO	16	static
../Core/BSP/Src/bsp_oled.c:390:6:oled_init	8	static
