../Core/Src/stm32f4xx_it.c:88:6:NMI_Handler	4	static
../Core/Src/stm32f4xx_it.c:103:6:HardFault_Handler	4	static
../Core/Src/stm32f4xx_it.c:118:6:MemManage_Handler	4	static
../Core/Src/stm32f4xx_it.c:133:6:BusFault_Handler	4	static
../Core/Src/stm32f4xx_it.c:148:6:UsageFault_Handler	4	static
../Core/Src/stm32f4xx_it.c:163:6:DebugMon_Handler	4	static
../Core/Src/stm32f4xx_it.c:183:6:EXTI3_IRQHandler	8	static
../Core/Src/stm32f4xx_it.c:197:6:EXTI4_IRQHandler	8	static
../Core/Src/stm32f4xx_it.c:211:6:DMA1_Stream1_IRQHandler	8	static
../Core/Src/stm32f4xx_it.c:225:6:DMA1_Stream2_IRQHandler	8	static
../Core/Src/stm32f4xx_it.c:239:6:DMA1_Stream4_IRQHandler	8	static
../Core/Src/stm32f4xx_it.c:253:6:CAN1_RX0_IRQHandler	8	static
../Core/Src/stm32f4xx_it.c:267:6:CAN1_RX1_IRQHandler	8	static
../Core/Src/stm32f4xx_it.c:281:6:EXTI9_5_IRQHandler	8	static
../Core/Src/stm32f4xx_it.c:295:6:TIM2_IRQHandler	8	static
../Core/Src/stm32f4xx_it.c:309:6:TIM3_IRQHandler	8	static
../Core/Src/stm32f4xx_it.c:325:6:USART1_IRQHandler	8	static
../Core/Src/stm32f4xx_it.c:339:6:USART3_IRQHandler	8	static
../Core/Src/stm32f4xx_it.c:353:6:DMA2_Stream0_IRQHandler	8	static
../Core/Src/stm32f4xx_it.c:367:6:DMA2_Stream1_IRQHandler	8	static
../Core/Src/stm32f4xx_it.c:381:6:DMA2_Stream3_IRQHandler	8	static
../Core/Src/stm32f4xx_it.c:395:6:CAN2_RX0_IRQHandler	8	static
../Core/Src/stm32f4xx_it.c:409:6:CAN2_RX1_IRQHandler	8	static
../Core/Src/stm32f4xx_it.c:423:6:OTG_FS_IRQHandler	8	static
../Core/Src/stm32f4xx_it.c:437:6:DMA2_Stream5_IRQHandler	8	static
../Core/Src/stm32f4xx_it.c:451:6:DMA2_Stream6_IRQHandler	8	static
../Core/Src/stm32f4xx_it.c:465:6:USART6_IRQHandler	8	static
../Core/Src/stm32f4xx_it.c:479:6:I2C3_ER_IRQHandler	8	static
